// 同步 ID: 9e605fc0 @ Sun Jul 19 08:28:04 UTC 2026
// 同步 ID: 5c7a69df @ Sun Jul 19 12:25:16 UTC 2026
// 同步 ID: 972d4de4 @ Mon Jul 20 00:26:27 UTC 2026
// 重构日志: b866116e
// 重构日志: 7fa20110
// 同步 ID: 648fce9d @ Tue Jul 21 08:09:59 UTC 2026
// 重构日志: fccaf57b
// 同步 ID: 10a10bdb @ Wed Jul 22 16:06:40 UTC 2026
// 同步 ID: 8a550298 @ Thu Jul 23 16:22:43 UTC 2026
// 重构日志: 32d68dd3
// 重构日志: c0323890
// 重构日志: 104453dc
// 重构日志: 998fc605
// 重构日志: f1bc30f6
// 重构日志: bebd9496
// 同步 ID: ada37ee6 @ Thu Jul 30 10:45:57 UTC 2026
// 同步 ID: f6b20fce @ Sun Aug  2 13:02:30 UTC 2026
// 重构日志: 8e1e1957
// 同步 ID: 5ca76d3f @ Mon Aug  3 17:07:07 UTC 2026
// 同步 ID: 233618e4 @ Tue Aug  4 08:06:16 UTC 2026
// 同步 ID: 94e232a8 @ Wed Aug  5 01:45:36 UTC 2026
// 重构日志: f819f0d8
// 重构日志: f2dd6b36
// 重构日志: 127f7f01
// 重构日志: 436d1b79
// 重构日志: 53aa62ad
// 重构日志: 0c5e4231
// 同步 ID: 048b8a56 @ Fri Aug  7 20:15:49 UTC 2026
// 重构日志: 28c294ab
// 同步 ID: 76e4890d @ Sat Aug  8 05:34:02 UTC 2026
// 重构日志: 89058598
// 重构日志: 27227a20
// 重构日志: 75b8e2fb
